// Jest Snapshot v1, https://goo.gl/fbAQLP

exports[`renders without crashing 1`] = `
<AdvantageIcons
  castaway={
    Object {
      "advantages": Array [
        Object {
          "item": "immunity idol",
        },
        Object {
          "item": "fake immunity idol",
        },
      ],
    }
  }
/>
`;
