// Jest Snapshot v1, https://goo.gl/fbAQLP

exports[`renders all subcomponents 1`] = `
<div>
  <section
    class="sc-bZQynM jbYBQB"
  >
    <h1
      class="sc-gzVnrw ckkwht"
    >
      Standings
    </h1>
    <div
      class="sc-chPdSV aaTih tribe-count-3"
    >
      <section
        class="sc-jzJRlG faDmHW tribe pa2 fl vuku"
        data-testid="tribe"
      >
        <h2
          class="sc-cSHVUG fKkrPJ"
        >
          Vuku
        </h2>
        <div
          class="sc-kAzzGY cxGlqK"
        >
          <div
            class="sc-gZMcBi kyBWZI castaway-card grow relative former-goliath"
          >
            <a
              class="sc-gqjmRU fwhydA"
              href="https://survivor.fandom.com/wiki/Alec_Merlino"
              target="_blank"
            >
              <div
                class="sc-bdVaJa dllXJH"
                size="90"
              />
            </a>
            <div
              class="sc-VigVT fVBOYd card-nameplate"
            >
              Alec
            </div>
            <div
              class="sc-jTzLTM krOZGW tribe-circle-container"
            >
              <i
                class="fas fa-history"
              />
              <div
                class="sc-iwsKbI dKkpcS tribe-circle tooltip"
                style="background-color: purple;"
              >
                <span
                  class="tooltip-text"
                >
                  Former Goliath
                </span>
              </div>
            </div>
            <div
              class="tribe-advantage-container"
            />
          </div>
          <div
            class="sc-gZMcBi kyBWZI castaway-card grow relative former-david"
          >
            <a
              class="sc-gqjmRU fwhydA"
              href="https://survivor.fandom.com/wiki/Carl_Boudreaux"
              target="_blank"
            >
              <div
                class="sc-bdVaJa dllXJH"
                size="90"
              />
            </a>
            <div
              class="sc-VigVT fVBOYd card-nameplate"
            >
              Carl
            </div>
            <div
              class="sc-jTzLTM krOZGW tribe-circle-container"
            >
              <i
                class="fas fa-history"
              />
              <div
                class="sc-iwsKbI dKkpcS tribe-circle tooltip"
                style="background-color: orange;"
              >
                <span
                  class="tooltip-text"
                >
                  Former David
                </span>
              </div>
            </div>
            <div
              class="tribe-advantage-container"
            >
              <div>
                <i
                  class="sc-dnqmqq eWsBgn tooltip advantage fas fa-ban"
                >
                  <span
                    class="animated fadeIn tooltip-text"
                  >
                    idol nullifier
                  </span>
                </i>
              </div>
            </div>
          </div>
          <div
            class="sc-gZMcBi kyBWZI castaway-card grow relative former-david"
          >
            <a
              class="sc-gqjmRU fwhydA"
              href="https://survivor.fandom.com/wiki/Davie_Rickenbacker"
              target="_blank"
            >
              <div
                class="sc-bdVaJa dllXJH"
                size="90"
              />
            </a>
            <div
              class="sc-VigVT fVBOYd card-nameplate"
            >
              Davie
            </div>
            <div
              class="sc-jTzLTM krOZGW tribe-circle-container"
            >
              <i
                class="fas fa-history"
              />
              <div
                class="sc-iwsKbI dKkpcS tribe-circle tooltip"
                style="background-color: orange;"
              >
                <span
                  class="tooltip-text"
                >
                  Former David
                </span>
              </div>
            </div>
            <div
              class="tribe-advantage-container"
            >
              <div>
                <div
                  class="tooltip advantage"
                >
                  <img
                    alt="Immunity Idol"
                    src="immunity_idol.png"
                  />
                  <span
                    class="animated fadeIn tooltip-text"
                  >
                    Immunity Idol
                  </span>
                </div>
              </div>
            </div>
          </div>
          <div
            class="sc-gZMcBi kyBWZI castaway-card grow relative former-david"
          >
            <a
              class="sc-gqjmRU fwhydA"
              href="https://survivor.fandom.com/wiki/Elizabeth_Olson"
              target="_blank"
            >
              <div
                class="sc-bdVaJa dllXJH"
                size="90"
              />
            </a>
            <div
              class="sc-VigVT fVBOYd card-nameplate"
            >
              Elizabeth
            </div>
            <div
              class="sc-jTzLTM krOZGW tribe-circle-container"
            >
              <i
                class="fas fa-history"
              />
              <div
                class="sc-iwsKbI dKkpcS tribe-circle tooltip"
                style="background-color: orange;"
              >
                <span
                  class="tooltip-text"
                >
                  Former David
                </span>
              </div>
            </div>
            <div
              class="tribe-advantage-container"
            />
          </div>
          <div
            class="sc-gZMcBi kyBWZI castaway-card grow relative former-goliath"
          >
            <a
              class="sc-gqjmRU fwhydA"
              href="https://survivor.fandom.com/wiki/Kara_Kay"
              target="_blank"
            >
              <div
                class="sc-bdVaJa dllXJH"
                size="90"
              />
            </a>
            <div
              class="sc-VigVT fVBOYd card-nameplate"
            >
              Kara
            </div>
            <div
              class="sc-jTzLTM krOZGW tribe-circle-container"
            >
              <i
                class="fas fa-history"
              />
              <div
                class="sc-iwsKbI dKkpcS tribe-circle tooltip"
                style="background-color: purple;"
              >
                <span
                  class="tooltip-text"
                >
                  Former Goliath
                </span>
              </div>
            </div>
            <div
              class="tribe-advantage-container"
            />
          </div>
        </div>
      </section>
      <section
        class="sc-jzJRlG faDmHW tribe pa2 fl jabeni"
        data-testid="tribe"
      >
        <h2
          class="sc-cSHVUG fKkrPJ"
        >
          Jabeni
        </h2>
        <div
          class="sc-kAzzGY cxGlqK"
        >
          <div
            class="sc-gZMcBi iQHPme castaway-card grow relative former-goliath"
          >
            <a
              class="sc-gqjmRU fwhydA"
              href="https://survivor.fandom.com/wiki/Angelina_Keeley"
              target="_blank"
            >
              <div
                class="sc-bdVaJa dllXJH"
                size="90"
              />
            </a>
            <div
              class="sc-VigVT fVBOYd card-nameplate"
            >
              Angelina
            </div>
            <div
              class="sc-jTzLTM krOZGW tribe-circle-container"
            >
              <i
                class="fas fa-history"
              />
              <div
                class="sc-iwsKbI dKkpcS tribe-circle tooltip"
                style="background-color: purple;"
              >
                <span
                  class="tooltip-text"
                >
                  Former Goliath
                </span>
              </div>
            </div>
            <div
              class="tribe-advantage-container"
            />
          </div>
          <div
            class="sc-gZMcBi iQHPme castaway-card grow relative former-david"
          >
            <a
              class="sc-gqjmRU fwhydA"
              href="https://survivor.fandom.com/wiki/Lyrsa_Torres"
              target="_blank"
            >
              <div
                class="sc-bdVaJa dllXJH"
                size="90"
              />
            </a>
            <div
              class="sc-VigVT fVBOYd card-nameplate"
            >
              Lyrsa
            </div>
            <div
              class="sc-jTzLTM krOZGW tribe-circle-container"
            >
              <i
                class="fas fa-history"
              />
              <div
                class="sc-iwsKbI dKkpcS tribe-circle tooltip"
                style="background-color: orange;"
              >
                <span
                  class="tooltip-text"
                >
                  Former David
                </span>
              </div>
            </div>
            <div
              class="tribe-advantage-container"
            />
          </div>
          <div
            class="sc-gZMcBi iQHPme castaway-card grow relative former-goliath"
          >
            <a
              class="sc-gqjmRU fwhydA"
              href="https://survivor.fandom.com/wiki/Mike_White"
              target="_blank"
            >
              <div
                class="sc-bdVaJa dllXJH"
                size="90"
              />
            </a>
            <div
              class="sc-VigVT fVBOYd card-nameplate"
            >
              Mike
            </div>
            <div
              class="sc-jTzLTM krOZGW tribe-circle-container"
            >
              <i
                class="fas fa-history"
              />
              <div
                class="sc-iwsKbI dKkpcS tribe-circle tooltip"
                style="background-color: purple;"
              >
                <span
                  class="tooltip-text"
                >
                  Former Goliath
                </span>
              </div>
            </div>
            <div
              class="tribe-advantage-container"
            />
          </div>
          <div
            class="sc-gZMcBi iQHPme castaway-card grow relative former-goliath"
          >
            <a
              class="sc-gqjmRU fwhydA"
              href="https://survivor.fandom.com/wiki/Natalie_Cole"
              target="_blank"
            >
              <div
                class="sc-bdVaJa dllXJH"
                size="90"
              />
            </a>
            <div
              class="sc-VigVT fVBOYd card-nameplate"
            >
              Natalie
            </div>
            <div
              class="sc-jTzLTM krOZGW tribe-circle-container"
            >
              <i
                class="fas fa-history"
              />
              <div
                class="sc-iwsKbI dKkpcS tribe-circle tooltip"
                style="background-color: purple;"
              >
                <span
                  class="tooltip-text"
                >
                  Former Goliath
                </span>
              </div>
            </div>
            <div
              class="tribe-advantage-container"
            />
          </div>
          <div
            class="sc-gZMcBi iQHPme castaway-card grow relative former-david"
          >
            <a
              class="sc-gqjmRU fwhydA"
              href="https://survivor.fandom.com/wiki/Nick_Wilson"
              target="_blank"
            >
              <div
                class="sc-bdVaJa dllXJH"
                size="90"
              />
            </a>
            <div
              class="sc-VigVT fVBOYd card-nameplate"
            >
              Nick
            </div>
            <div
              class="sc-jTzLTM krOZGW tribe-circle-container"
            >
              <i
                class="fas fa-history"
              />
              <div
                class="sc-iwsKbI dKkpcS tribe-circle tooltip"
                style="background-color: orange;"
              >
                <span
                  class="tooltip-text"
                >
                  Former David
                </span>
              </div>
            </div>
            <div
              class="tribe-advantage-container"
            />
          </div>
        </div>
      </section>
      <section
        class="sc-jzJRlG faDmHW tribe pa2 fl tiva"
        data-testid="tribe"
      >
        <h2
          class="sc-cSHVUG fKkrPJ"
        >
          Tiva
        </h2>
        <div
          class="sc-kAzzGY cxGlqK"
        >
          <div
            class="sc-gZMcBi fFFTWl castaway-card grow relative former-goliath"
          >
            <a
              class="sc-gqjmRU fwhydA"
              href="https://survivor.fandom.com/wiki/Alison_Raybould"
              target="_blank"
            >
              <div
                class="sc-bdVaJa dllXJH"
                size="90"
              />
            </a>
            <div
              class="sc-VigVT fVBOYd card-nameplate"
            >
              Alison
            </div>
            <div
              class="sc-jTzLTM krOZGW tribe-circle-container"
            >
              <i
                class="fas fa-history"
              />
              <div
                class="sc-iwsKbI dKkpcS tribe-circle tooltip"
                style="background-color: purple;"
              >
                <span
                  class="tooltip-text"
                >
                  Former Goliath
                </span>
              </div>
            </div>
            <div
              class="tribe-advantage-container"
            />
          </div>
          <div
            class="sc-gZMcBi fFFTWl castaway-card grow relative former-david"
          >
            <a
              class="sc-gqjmRU fwhydA"
              href="https://survivor.fandom.com/wiki/Christian_Hubicki"
              target="_blank"
            >
              <div
                class="sc-bdVaJa dllXJH"
                size="90"
              />
            </a>
            <div
              class="sc-VigVT fVBOYd card-nameplate"
            >
              Christian
            </div>
            <div
              class="sc-jTzLTM krOZGW tribe-circle-container"
            >
              <i
                class="fas fa-history"
              />
              <div
                class="sc-iwsKbI dKkpcS tribe-circle tooltip"
                style="background-color: orange;"
              >
                <span
                  class="tooltip-text"
                >
                  Former David
                </span>
              </div>
            </div>
            <div
              class="tribe-advantage-container"
            />
          </div>
          <div
            class="sc-gZMcBi fFFTWl castaway-card grow relative former-goliath"
          >
            <a
              class="sc-gqjmRU fwhydA"
              href="https://survivor.fandom.com/wiki/Dan_Rengering"
              target="_blank"
            >
              <div
                class="sc-bdVaJa dllXJH"
                size="90"
              />
            </a>
            <div
              class="sc-VigVT fVBOYd card-nameplate"
            >
              Dan
            </div>
            <div
              class="sc-jTzLTM krOZGW tribe-circle-container"
            >
              <i
                class="fas fa-history"
              />
              <div
                class="sc-iwsKbI dKkpcS tribe-circle tooltip"
                style="background-color: purple;"
              >
                <span
                  class="tooltip-text"
                >
                  Former Goliath
                </span>
              </div>
            </div>
            <div
              class="tribe-advantage-container"
            >
              <div>
                <div
                  class="tooltip advantage"
                >
                  <img
                    alt="Immunity Idol"
                    src="immunity_idol.png"
                  />
                  <span
                    class="animated fadeIn tooltip-text"
                  >
                    Immunity Idol
                  </span>
                </div>
              </div>
            </div>
          </div>
          <div
            class="sc-gZMcBi fFFTWl castaway-card grow relative former-david"
          >
            <a
              class="sc-gqjmRU fwhydA"
              href="https://survivor.fandom.com/wiki/Gabby_Pascuzzi"
              target="_blank"
            >
              <div
                class="sc-bdVaJa dllXJH"
                size="90"
              />
            </a>
            <div
              class="sc-VigVT fVBOYd card-nameplate"
            >
              Gabby
            </div>
            <div
              class="sc-jTzLTM krOZGW tribe-circle-container"
            >
              <i
                class="fas fa-history"
              />
              <div
                class="sc-iwsKbI dKkpcS tribe-circle tooltip"
                style="background-color: orange;"
              >
                <span
                  class="tooltip-text"
                >
                  Former David
                </span>
              </div>
            </div>
            <div
              class="tribe-advantage-container"
            />
          </div>
          <div
            class="sc-gZMcBi fFFTWl castaway-card grow relative former-goliath"
          >
            <a
              class="sc-gqjmRU fwhydA"
              href="https://survivor.fandom.com/wiki/John_Hennigan"
              target="_blank"
            >
              <div
                class="sc-bdVaJa dllXJH"
                size="90"
              />
            </a>
            <div
              class="sc-VigVT fVBOYd card-nameplate"
            >
              John
            </div>
            <div
              class="sc-jTzLTM krOZGW tribe-circle-container"
            >
              <i
                class="fas fa-history"
              />
              <div
                class="sc-iwsKbI dKkpcS tribe-circle tooltip"
                style="background-color: purple;"
              >
                <span
                  class="tooltip-text"
                >
                  Former Goliath
                </span>
              </div>
            </div>
            <div
              class="tribe-advantage-container"
            />
          </div>
        </div>
      </section>
    </div>
    <section
      class="sc-htpNat kyFgmI voted-out-panel animated slideInUp"
      data-testid="votedOutPanel"
    >
      <div
        class="sc-ifAKCX eiYjAL"
      >
        <span
          class="sc-EHOje itjQSb"
        >
          OUT
        </span>
        <div
          class="sc-bdVaJa SitNr"
          size="64"
        />
        <div
          class="sc-bdVaJa SitNr"
          size="64"
        />
        <div
          class="sc-bdVaJa SitNr"
          size="64"
        />
        <div
          class="sc-bdVaJa SitNr"
          size="64"
        />
        <div
          class="sc-bdVaJa SitNr"
          size="64"
        />
      </div>
    </section>
  </section>
</div>
`;
